Microchip MPLAB XC8 Compiler V2.41

Linker command line:

-W-3 --edf=C:\Microchip\xc8\v2.41\pic\dat\20230208172133_en.msgs -cn \
  -h+dist/default/production\Receiver_032224_1546.production.sym \
  --cmf=dist/default/production\Receiver_032224_1546.production.cmf -z \
  -Q18F2221 -oC:\Users\bk8366\AppData\Local\Temp\xcAscl0.\driver_tmp_3.o \
  --defsym=__MPLAB_BUILD=1 --fixupoverflow=error \
  -Mdist/default/production/Receiver_032224_1546.production.map \
  --md=C:\Users\bk8366\AppData\Local\Temp\xcAscl0.\driver_tmp_0.dat -E1 \
  -ver=XC8 Compiler --acfsm=1493 -ACODE=00h-0FFFh -ACONST=00h-0FFFh \
  -ASMALLCONST=0200h-02FFhx14 -AMEDIUMCONST=0200h-0FFFh -ACOMRAM=01h-07Fh \
  -AABS1=00h-01FFh -ABIGRAM=01h-01FFh -ARAM=080h-0FFh,0100h-01FFh \
  -ABANK0=080h-0FFh -ABANK1=0100h-01FFh -ASFR=0F80h-0FFFh \
  -ABIGSFR=0F80h-0FFFh -ACONFIG=0300000h-030000Dh -AIDLOC=0200000h-0200007h \
  -AEEDATA=0F00000h-0F000FFh -peeprom_data=EEDATA \
  -preset_vec=00h,intcode=08h,intcodelo,powerup,init -pramtop=0200h \
  -psmallconst=SMALLCONST -pmediumconst=MEDIUMCONST -pconst=CONST \
  -AFARRAM=00h-00h \
  -prdata=COMRAM,nvrram=COMRAM,nvbit=COMRAM,rbss=COMRAM,rbit=COMRAM \
  -pfarbss=FARRAM,fardata=FARRAM,nvFARRAM=FARRAM \
  -pintsave_regs=BIGRAM,bigbss=BIGRAM,bigdata=BIGRAM -pbss=RAM \
  -pidata=CODE,irdata=CODE,ibigdata=CODE,ifardata=CODE -prparam=COMRAM \
  C:\Users\bk8366\AppData\Local\Temp\xcAscl0.\driver_tmp_9.o \
  dist/default/production\Receiver_032224_1546.production.o 

Object code version is 3.11

Machine type is 18F2221



                Name                               Link     Load   Length Selector   Space Scale
C:\Users\bk8366\AppData\Local\Temp\xcAscl0.\driver_tmp_9.o
                config                           300000   300000        E        0       4
                init                                340      340        4        4       0
                reset_vec                             0        0        4        0       0
dist/default/production\Receiver_032224_1546.production.o
                intcode                               8        8      338        4       0
                config                           300000   300000        E        0       4
                temp                                 55       55        1        1       1
                smallconst                          344      344       14      1A2       0
                text22                              CA0      CA0       26      1AC       0
                text21                              98A      98A       6A      1AC       0
                text20                              66C      66C       EC      1AC       0
                text19                              C7A      C7A       26      1AC       0
                text18                              BD0      BD0       38      1AC       0
                text17                              CDA      CDA       14      1AC       0
                text16                              ABC      ABC       60      1AC       0
                text14                              C54      C54       26      1AC       0
                text13                              486      486       FA      1AC       0
                text12                              920      920       6A      1AC       0
                text11                              580      580       EC      1AC       0
                text10                              C2E      C2E       26      1AC       0
                text9                               B98      B98       38      1AC       0
                text8                               CC6      CC6       14      1AC       0
                text7                               A5C      A5C       60      1AC       0
                text6                               B5C      B5C       3C      1AC       0
                text5                               9F4      9F4       68      1AC       0
                text4                               816      816       9E      1AC       0
                text3                               B1C      B1C       40      1AC       0
                text2                               8B4      8B4       6C      1AC       0
                text1                               758      758       BE      1AC       0
                text0                               358      358      12E      1AC       0
                cstackCOMRAM                          1        1       4B        1       1
                cstackBANK0                          B7       B7        6       80       1
                bssBANK0                             80       80       37       80       1
                bssCOMRAM                            4C       4C        9        1       1
                cinit                               C08      C08       26      1AC       0

TOTAL           Name                               Link     Load   Length     Space
        CLASS   CODE           
                intcode                               8        8      338         0
                init                                340      340        4         0
                reset_vec                             0        0        4         0
                text22                              CA0      CA0       26         0
                text21                              98A      98A       6A         0
                text20                              66C      66C       EC         0
                text19                              C7A      C7A       26         0
                text18                              BD0      BD0       38         0
                text17                              CDA      CDA       14         0
                text16                              ABC      ABC       60         0
                text14                              C54      C54       26         0
                text13                              486      486       FA         0
                text12                              920      920       6A         0
                text11                              580      580       EC         0
                text10                              C2E      C2E       26         0
                text9                               B98      B98       38         0
                text8                               CC6      CC6       14         0
                text7                               A5C      A5C       60         0
                text6                               B5C      B5C       3C         0
                text5                               9F4      9F4       68         0
                text4                               816      816       9E         0
                text3                               B1C      B1C       40         0
                text2                               8B4      8B4       6C         0
                text1                               758      758       BE         0
                text0                               358      358      12E         0
                cinit                               C08      C08       26         0

        CLASS   CONST          

        CLASS   SMALLCONST     
                smallconst                          344      344       14         0

        CLASS   MEDIUMCONST    

        CLASS   COMRAM         
                temp                                 55       55        1         1
                cstackCOMRAM                          1        1       4B         1
                bssCOMRAM                            4C       4C        9         1

        CLASS   ABS1           

        CLASS   BIGRAM         

        CLASS   RAM            

        CLASS   BANK0          
                cstackBANK0                          B7       B7        6         1
                bssBANK0                             80       80       37         1

        CLASS   BANK1          

        CLASS   SFR            

        CLASS   BIGSFR         

        CLASS   CONFIG         
                config                           300000   300000        E         4

        CLASS   IDLOC          

        CLASS   EEDATA         

        CLASS   FARRAM         

        CLASS   HEAP           

        CLASS   STACK          



SEGMENTS        Name                           Load    Length   Top    Selector   Space  Class

                reset_vec                      000000  000004  000004         0       0  CODE    
                cstackCOMRAM                   000001  000055  000056         1       1  COMRAM  
                intcode                        000008  00033C  000344         4       0  CODE    
                bssBANK0                       000080  00003D  0000BD        80       1  BANK0   
                smallconst                     000344  000014  000358       1A2       0  SMALLCON
                text0                          000358  000996  000CEE       1AC       0  CODE    


UNUSED ADDRESS RANGES

        Name                Unused          Largest block    Delta
        BANK0            0000BD-0000FF               43
        BANK1            000100-0001FF              100
        BIGRAM           000056-00007F               2A
                         0000BD-0001FF              143
        BIGSFR           000F80-000FFF               80
        CODE             000004-000007                4
                         000CEE-000FFF              312
        COMRAM           000056-00007F               2A
        CONST            000004-000007                4
                         000CEE-000FFF              312
        EEDATA           F00000-F000FF              100
        IDLOC            200000-200007                8
        MEDIUMCONST      000CEE-000FFF              312
        RAM              0000BD-0001FF               43
        SFR              000F80-000FFF               80
        SMALLCONST       000CEE-000FFF              100

                                  Symbol Table

?___lmul                      cstackCOMRAM 00002B
?___wmul                      cstackCOMRAM 00002B
?i2___lmul                    cstackCOMRAM 000001
?i2___wmul                    cstackCOMRAM 000001
ISR@i                         cstackCOMRAM 00001F
ISR@i_740                     cstackCOMRAM 000023
ISR@i_742                     cstackCOMRAM 000027
ISR@j                         cstackCOMRAM 000021
ISR@j_741                     cstackCOMRAM 000025
ISR@j_743                     cstackCOMRAM 000029
_ADCON1bits                   (abs)        000FC1
_Buffer_col_index             bssCOMRAM    00004F
_Buffer_row_index             bssCOMRAM    00004E
_INTCON2bits                  (abs)        000FF1
_INTCONbits                   (abs)        000FF2
_ISR                          intcode      000008
_OSCCONbits                   (abs)        000FD3
_OSCTUNEbits                  (abs)        000F9B
_PIE1bits                     (abs)        000F9D
_PIR1bits                     (abs)        000F9E
_PORTB                        (abs)        000F81
_RCONbits                     (abs)        000FD0
_Receiver_buffer              bssBANK0     000080
_SSPADD                       (abs)        000FC8
_SSPBUF                       (abs)        000FC9
_SSPCON1bits                  (abs)        000FC6
_SSPCON2bits                  (abs)        000FC5
_SSPSTATbits                  (abs)        000FC7
_T0CON                        (abs)        000FD5
_T0CONbits                    (abs)        000FD5
_T1CON                        (abs)        000FCD
_T1CONbits                    (abs)        000FCD
_TMR0H                        (abs)        000FD7
_TMR0L                        (abs)        000FD6
_TMR1H                        (abs)        000FCF
_TMR1L                        (abs)        000FCE
_TRISB                        (abs)        000F93
_TRISCbits                    (abs)        000F94
_Time_out                     bssCOMRAM    00004D
__HRAM                        (abs)        000000
__H__absolute__               __absolute__ 000000
__Habs1                       abs1         000000
__Hbank0                      bank0        000000
__Hbank1                      bank1        000000
__Hbigbss                     bigbss       000000
__Hbigdata                    bigdata      000000
__Hbigram                     bigram       000000
__Hbigsfr                     bigsfr       000000
__Hbss                        bss          000000
__HbssBANK0                   bssBANK0     000000
__HbssCOMRAM                  bssCOMRAM    000000
__Hcinit                      cinit        000000
__Hclrtext                    clrtext      000000
__Hcomram                     comram       000000
__Hconfig                     config       30000E
__Hconst                      const        000000
__HcstackBANK0                cstackBANK0  000000
__HcstackCOMRAM               cstackCOMRAM 000000
__Hdata                       data         000000
__Heeprom_data                eeprom_data  000000
__Hfarbss                     farbss       000000
__Hfardata                    fardata      000000
__Hheap                       heap         000000
__Hibigdata                   ibigdata     000000
__Hidata                      idata        000000
__Hidloc                      idloc        000000
__Hifardata                   ifardata     000000
__Hinit                       init         000344
__Hintcode                    intcode      000340
__Hintcode_body               intcode_body 000000
__Hintcodelo                  intcodelo    000340
__Hintentry                   intentry     000000
__Hintret                     intret       000000
__Hintsave_regs               intsave_regs 000000
__Hirdata                     irdata       000000
__Hmediumconst                mediumconst  000000
__HnvFARRAM                   nvFARRAM     000000
__Hnvbit                      nvbit        000000
__Hnvrram                     nvrram       000000
__Hparam                      rparam       000000
__Hpowerup                    powerup      000340
__Hram                        ram          000000
__Hramtop                     ramtop       000200
__Hrbit                       rbit         000000
__Hrbss                       rbss         000000
__Hrdata                      rdata        000000
__Hreset_vec                  reset_vec    000004
__Hrparam                     rparam       000000
__Hsfr                        sfr          000000
__Hsmallconst                 smallconst   000358
__Hspace_0                    (abs)        000CEE
__Hspace_1                    (abs)        0000BD
__Hspace_2                    (abs)        000000
__Hspace_4                    (abs)        60000E
__Hstack                      stack        000000
__Hstruct                     struct       000000
__Htemp                       temp         000056
__Htext                       text         000000
__Htext0                      text0        000000
__Htext1                      text1        000000
__Htext10                     text10       000000
__Htext11                     text11       000000
__Htext12                     text12       000000
__Htext13                     text13       000000
__Htext14                     text14       000000
__Htext16                     text16       000000
__Htext17                     text17       000000
__Htext18                     text18       000000
__Htext19                     text19       000000
__Htext2                      text2        000000
__Htext20                     text20       000000
__Htext21                     text21       000000
__Htext22                     text22       000000
__Htext3                      text3        000000
__Htext4                      text4        000000
__Htext5                      text5        000000
__Htext6                      text6        000000
__Htext7                      text7        000000
__Htext8                      text8        000000
__Htext9                      text9        000000
__LRAM                        (abs)        000001
__L__absolute__               __absolute__ 000000
__Labs1                       abs1         000000
__Lbank0                      bank0        000000
__Lbank1                      bank1        000000
__Lbigbss                     bigbss       000000
__Lbigdata                    bigdata      000000
__Lbigram                     bigram       000000
__Lbigsfr                     bigsfr       000000
__Lbss                        bss          000000
__LbssBANK0                   bssBANK0     000000
__LbssCOMRAM                  bssCOMRAM    000000
__Lcinit                      cinit        000000
__Lclrtext                    clrtext      000000
__Lcomram                     comram       000000
__Lconfig                     config       000000
__Lconst                      const        000000
__LcstackBANK0                cstackBANK0  000000
__LcstackCOMRAM               cstackCOMRAM 000000
__Ldata                       data         000000
__Leeprom_data                eeprom_data  000000
__Lfarbss                     farbss       000000
__Lfardata                    fardata      000000
__Lheap                       heap         000000
__Libigdata                   ibigdata     000000
__Lidata                      idata        000000
__Lidloc                      idloc        000000
__Lifardata                   ifardata     000000
__Linit                       init         000340
__Lintcode                    intcode      000008
__Lintcode_body               intcode_body 000000
__Lintcodelo                  intcodelo    000340
__Lintentry                   intentry     000000
__Lintret                     intret       000000
__Lintsave_regs               intsave_regs 000000
__Lirdata                     irdata       000000
__Lmediumconst                mediumconst  000000
__LnvFARRAM                   nvFARRAM     000000
__Lnvbit                      nvbit        000000
__Lnvrram                     nvrram       000000
__Lparam                      rparam       000000
__Lpowerup                    powerup      000340
__Lram                        ram          000000
__Lramtop                     ramtop       000200
__Lrbit                       rbit         000000
__Lrbss                       rbss         000000
__Lrdata                      rdata        000000
__Lreset_vec                  reset_vec    000000
__Lrparam                     rparam       000000
__Lsfr                        sfr          000000
__Lsmallconst                 smallconst   000344
__Lspace_0                    (abs)        000000
__Lspace_1                    (abs)        000000
__Lspace_2                    (abs)        000000
__Lspace_4                    (abs)        000000
__Lstack                      stack        000000
__Lstruct                     struct       000000
__Ltemp                       temp         000055
__Ltext                       text         000000
__Ltext0                      text0        000000
__Ltext1                      text1        000000
__Ltext10                     text10       000000
__Ltext11                     text11       000000
__Ltext12                     text12       000000
__Ltext13                     text13       000000
__Ltext14                     text14       000000
__Ltext16                     text16       000000
__Ltext17                     text17       000000
__Ltext18                     text18       000000
__Ltext19                     text19       000000
__Ltext2                      text2        000000
__Ltext20                     text20       000000
__Ltext21                     text21       000000
__Ltext22                     text22       000000
__Ltext3                      text3        000000
__Ltext4                      text4        000000
__Ltext5                      text5        000000
__Ltext6                      text6        000000
__Ltext7                      text7        000000
__Ltext8                      text8        000000
__Ltext9                      text9        000000
__S0                          (abs)        000CEE
__S1                          (abs)        0000BD
__S4                          (abs)        000000
__S5                          (abs)        000000
___heap_hi                    (abs)        000000
___heap_lo                    (abs)        000000
___inthi_sp                   stack        000000
___intlo_sp                   stack        000000
___lmul                       text12       000920
___lmul@multiplicand          cstackCOMRAM 00002F
___lmul@multiplier            cstackCOMRAM 00002B
___lmul@product               cstackCOMRAM 000033
___param_bank                 (abs)        000000
___rparam_used                (abs)        000001
___sp                         stack        000000
___wmul                       text14       000C54
___wmul@multiplicand          cstackCOMRAM 00002D
___wmul@multiplier            cstackCOMRAM 00002B
___wmul@product               cstackCOMRAM 00002F
__accesstop                   (abs)        000080
__activetblptr                (abs)        000002
__end_of_ISR                  intcode      000340
__end_of___lmul               text12       00098A
__end_of___wmul               text14       000C7A
__end_of__initialization      cinit        000C20
__end_of_check_strings        text13       000580
__end_of_delay                text11       00066C
__end_of_i2c_data_tx          text10       000C54
__end_of_i2c_start_and_addr   text9        000BD0
__end_of_i2c_stop             text8        000CDA
__end_of_lcd_char             text6        000B98
__end_of_lcd_clear            text7        000ABC
__end_of_lcd_command          text4        0008B4
__end_of_lcd_init             text2        000920
__end_of_lcd_message          text5        000A5C
__end_of_lcd_move_cursor      text3        000B5C
__end_of_main                 text0        000486
__end_of_system_init          text1        000816
__end_ofi2___lmul             text21       0009F4
__end_ofi2___wmul             text22       000CC6
__end_ofi2_delay              text20       000758
__end_ofi2_i2c_data_tx        text19       000CA0
__end_ofi2_i2c_start_and_addr text18       000C08
__end_ofi2_i2c_stop           text17       000CEE
__end_ofi2_lcd_clear          text16       000B1C
__initialization              cinit        000C08
__mediumconst                 mediumconst  000000
__pbssBANK0                   bssBANK0     000080
__pbssCOMRAM                  bssCOMRAM    00004C
__pcinit                      cinit        000C08
__pcstackBANK0                cstackBANK0  0000B7
__pcstackCOMRAM               cstackCOMRAM 000001
__pintcode                    intcode      000008
__psmallconst                 smallconst   000344
__ptext0                      text0        000358
__ptext1                      text1        000758
__ptext10                     text10       000C2E
__ptext11                     text11       000580
__ptext12                     text12       000920
__ptext13                     text13       000486
__ptext14                     text14       000C54
__ptext16                     text16       000ABC
__ptext17                     text17       000CDA
__ptext18                     text18       000BD0
__ptext19                     text19       000C7A
__ptext2                      text2        0008B4
__ptext20                     text20       00066C
__ptext21                     text21       00098A
__ptext22                     text22       000CA0
__ptext3                      text3        000B1C
__ptext4                      text4        000816
__ptext5                      text5        0009F4
__ptext6                      text6        000B5C
__ptext7                      text7        000A5C
__ptext8                      text8        000CC6
__ptext9                      text9        000B98
__ramtop                      ramtop       000200
__smallconst                  smallconst   000344
_character_match_cnt          bssCOMRAM    000050
_check_strings                text13       000486
_current_character            bssCOMRAM    000053
_delay                        text11       000580
_has_printed_message          bssCOMRAM    000054
_has_prior_check              bssCOMRAM    000052
_i2c_data_tx                  text10       000C2E
_i2c_start_and_addr           text9        000B98
_i2c_stop                     text8        000CC6
_lcd_char                     text6        000B5C
_lcd_clear                    text7        000A5C
_lcd_command                  text4        000816
_lcd_init                     text2        0008B4
_lcd_message                  text5        0009F4
_lcd_move_cursor              text3        000B1C
_main                         text0        000358
_new_input                    bssCOMRAM    000051
_screen_has_text              bssCOMRAM    00004C
_system_init                  text1        000758
btemp                         temp         000055
check_strings@currently_match cstackCOMRAM 00003A
check_strings@i               cstackCOMRAM 000038
check_strings@j               cstackCOMRAM 00003B
check_strings@match_cnt       cstackCOMRAM 000037
delay@milliseconds            cstackCOMRAM 000037
delay@timer_value             cstackCOMRAM 00003B
end_of_initialization         cinit        000C20
i2___lmul                     text21       00098A
i2___lmul@multiplicand        cstackCOMRAM 000005
i2___lmul@multiplier          cstackCOMRAM 000001
i2___lmul@product             cstackCOMRAM 000009
i2___wmul                     text22       000CA0
i2___wmul@multiplicand        cstackCOMRAM 000003
i2___wmul@multiplier          cstackCOMRAM 000001
i2___wmul@product             cstackCOMRAM 000005
i2_delay                      text20       00066C
i2_i2c_data_tx                text19       000C7A
i2_i2c_start_and_addr         text18       000BD0
i2_i2c_stop                   text17       000CDA
i2_lcd_clear                  text16       000ABC
i2c_data_tx@data              cstackCOMRAM 00002B
i2c_start_and_addr@address    cstackCOMRAM 00002B
i2delay@milliseconds          cstackCOMRAM 00000D
i2delay@timer_value           cstackCOMRAM 000011
i2i2c_data_tx@data            cstackCOMRAM 000001
i2i2c_start_and_addr@address  cstackCOMRAM 000001
int$flags                     temp         000055
intlevel0                     text         000000
intlevel1                     text         000000
intlevel2                     text         000000
intlevel3                     text         000000
isa$std                       (abs)        000001
isa$xinst                     (abs)        000000
lcd_char@letter               cstackCOMRAM 00002D
lcd_command@data              cstackCOMRAM 000049
lcd_command@lt                cstackCOMRAM 000043
lcd_command@rs                cstackCOMRAM 000045
lcd_command@rw                cstackCOMRAM 000044
lcd_message@message           cstackCOMRAM 00002E
lcd_move_cursor@line          cstackCOMRAM 00004B
lcd_move_cursor@position      cstackCOMRAM 00004A
main@i_731                    cstackBANK0  0000B9
main@j                        cstackBANK0  0000BB
stackhi                       (abs)        000000
stacklo                       (abs)        000000
start                         init         000340
start_initialization          cinit        000C08
system_init@i                 cstackCOMRAM 000033
system_init@j                 cstackCOMRAM 000035
ttemp5                        temp         000056
ttemp6                        temp         000059
ttemp7                        temp         00005D
wtemp8                        temp         000056


MODULE INFORMATION

Module		Function		Class		Link	Load	Size
C:\Microchip\xc8\v2.41\pic\sources\c99\common\Umul16.c
		___wmul        		CODE           	0C54	0000	38

C:\Microchip\xc8\v2.41\pic\sources\c99\common\Umul16.c estimated size: 38

C:\Microchip\xc8\v2.41\pic\sources\c99\common\Umul32.c
		___lmul        		CODE           	0920	0000	106

C:\Microchip\xc8\v2.41\pic\sources\c99\common\Umul32.c estimated size: 106

shared
		i2_i2c_data_tx 		CODE           	0C7A	0000	38
		i2_i2c_stop    		CODE           	0CDA	0000	20
		i2___wmul      		CODE           	0CA0	0000	38
		__initialization		CODE           	0C08	0000	24
		i2___lmul      		CODE           	098A	0000	106
		i2_i2c_start_and_addr		CODE           	0BD0	0000	56
		i2_delay       		CODE           	066C	0000	236
		i2_lcd_clear   		CODE           	0ABC	0000	96

shared estimated size: 614

main.c
		_lcd_command   		CODE           	0816	0000	158
		_system_init   		CODE           	0758	0000	190
		_i2c_data_tx   		CODE           	0C2E	0000	38
		_delay         		CODE           	0580	0000	236
		_ISR           		CODE           	0008	0000	824
		_main          		CODE           	0358	0000	302
		_lcd_char      		CODE           	0B5C	0000	60
		_lcd_message   		CODE           	09F4	0000	104
		_lcd_clear     		CODE           	0A5C	0000	96
		_lcd_move_cursor		CODE           	0B1C	0000	64
		_check_strings 		CODE           	0486	0000	250
		_i2c_start_and_addr		CODE           	0B98	0000	56
		_i2c_stop      		CODE           	0CC6	0000	20
		_lcd_init      		CODE           	08B4	0000	108

main.c estimated size: 2506

