Microchip MPLAB XC8 Compiler V2.45

Linker command line:

-W-3 \
  --edf=C:/Users/kalfa/.mchp_packs/Microchip/PIC18Fxxxx_DFP/1.6.159/xc8\pic\dat\20231017163449_en.msgs \
  -cn -h+dist/default/production\Receiver_031424_1712.production.sym \
  --cmf=dist/default/production\Receiver_031424_1712.production.cmf -z \
  -Q18F2221 -oC:\Users\kalfa\AppData\Local\Temp\xcAsrpg.\driver_tmp_3.o \
  --defsym=__MPLAB_BUILD=1 --fixupoverflow=error \
  -Mdist/default/production/Receiver_031424_1712.production.map \
  --md=C:\Users\kalfa\AppData\Local\Temp\xcAsrpg.\driver_tmp_0.dat -E1 \
  -ver=XC8 Compiler --acfsm=1493 -ACODE=00h-0FFFh -ACONST=00h-0FFFh \
  -ASMALLCONST=0200h-02FFhx14 -AMEDIUMCONST=0200h-0FFFh -ACOMRAM=01h-07Fh \
  -AABS1=00h-01FFh -ABIGRAM=01h-01FFh -ARAM=080h-0FFh,0100h-01FFh \
  -ABANK0=080h-0FFh -ABANK1=0100h-01FFh -ASFR=0F80h-0FFFh \
  -ABIGSFR=0F80h-0FFFh -ACONFIG=0300000h-030000Dh -AIDLOC=0200000h-0200007h \
  -AEEDATA=0F00000h-0F000FFh -peeprom_data=EEDATA \
  -preset_vec=00h,intcode=08h,intcodelo,powerup,init -pramtop=0200h \
  -psmallconst=SMALLCONST -pmediumconst=MEDIUMCONST -pconst=CONST \
  -AFARRAM=00h-00h \
  -prdata=COMRAM,nvrram=COMRAM,nvbit=COMRAM,rbss=COMRAM,rbit=COMRAM \
  -pfarbss=FARRAM,fardata=FARRAM,nvFARRAM=FARRAM \
  -pintsave_regs=BIGRAM,bigbss=BIGRAM,bigdata=BIGRAM -pbss=RAM \
  -pidata=CODE,irdata=CODE,ibigdata=CODE,ifardata=CODE -prparam=COMRAM \
  C:\Users\kalfa\AppData\Local\Temp\xcAsrpg.\driver_tmp_9.o \
  dist/default/production\Receiver_031424_1712.production.o 

Object code version is 3.11

Machine type is 18F2221



                Name                               Link     Load   Length Selector   Space Scale
C:\Users\kalfa\AppData\Local\Temp\xcAsrpg.\driver_tmp_9.o
                config                           300000   300000        E        0       4
                init                                1D4      1D4        4        4       0
                reset_vec                             0        0        4        0       0
dist/default/production\Receiver_031424_1712.production.o
                intcode                               8        8      1CC        4       0
                config                           300000   300000        E        0       4
                temp                                 56       56        1        1       1
                smallconst                          200      200       14      100       0
                text19                              646      646       6A      10A       0
                text18                              300      300       EC      10A       0
                text17                              92A      92A       26      10A       0
                text16                              8CC      8CC       38      10A       0
                text15                              97E      97E       14      10A       0
                text14                              778      778       60      10A       0
                text12                              5DC      5DC       6A      10A       0
                text11                              214      214       EC      10A       0
                text10                              904      904       26      10A       0
                text9                               894      894       38      10A       0
                text8                               96A      96A       14      10A       0
                text7                               718      718       60      10A       0
                text6                               858      858       3C      10A       0
                text5                               6B0      6B0       68      10A       0
                text4                               4CA      4CA       9E      10A       0
                text3                               818      818       40      10A       0
                text2                               568      568       74      10A       0
                text1                               7D8      7D8       40      10A       0
                text0                               3EC      3EC       DE      10A       0
                cstackCOMRAM                          1        1       45        1       1
                bssCOMRAM                            46       46       10        1       1
                cinit                               950      950       1A      10A       0

TOTAL           Name                               Link     Load   Length     Space
        CLASS   CODE           
                intcode                               8        8      1CC         0
                init                                1D4      1D4        4         0
                reset_vec                             0        0        4         0
                text19                              646      646       6A         0
                text18                              300      300       EC         0
                text17                              92A      92A       26         0
                text16                              8CC      8CC       38         0
                text15                              97E      97E       14         0
                text14                              778      778       60         0
                text12                              5DC      5DC       6A         0
                text11                              214      214       EC         0
                text10                              904      904       26         0
                text9                               894      894       38         0
                text8                               96A      96A       14         0
                text7                               718      718       60         0
                text6                               858      858       3C         0
                text5                               6B0      6B0       68         0
                text4                               4CA      4CA       9E         0
                text3                               818      818       40         0
                text2                               568      568       74         0
                text1                               7D8      7D8       40         0
                text0                               3EC      3EC       DE         0
                cinit                               950      950       1A         0

        CLASS   CONST          

        CLASS   SMALLCONST     
                smallconst                          200      200       14         0

        CLASS   MEDIUMCONST    

        CLASS   COMRAM         
                temp                                 56       56        1         1
                cstackCOMRAM                          1        1       45         1
                bssCOMRAM                            46       46       10         1

        CLASS   ABS1           

        CLASS   BIGRAM         

        CLASS   RAM            

        CLASS   BANK0          

        CLASS   BANK1          

        CLASS   SFR            

        CLASS   BIGSFR         

        CLASS   CONFIG         
                config                           300000   300000        E         4

        CLASS   IDLOC          

        CLASS   EEDATA         

        CLASS   FARRAM         

        CLASS   HEAP           

        CLASS   STACK          



SEGMENTS        Name                           Load    Length   Top    Selector   Space  Class

                reset_vec                      000000  000004  000004         0       0  CODE    
                cstackCOMRAM                   000001  000056  000057         1       1  COMRAM  
                intcode                        000008  0001D0  0001D8         4       0  CODE    
                smallconst                     000200  000014  000214       100       0  SMALLCON
                text11                         000214  00077E  000992       10A       0  CODE    


UNUSED ADDRESS RANGES

        Name                Unused          Largest block    Delta
        BANK0            000080-0000FF               80
        BANK1            000100-0001FF              100
        BIGRAM           000057-0001FF              1A9
        BIGSFR           000F80-000FFF               80
        CODE             000004-000007                4
                         0001D8-0001FF               28
                         000992-000FFF              66E
        COMRAM           000057-00007F               29
        CONST            000004-000007                4
                         0001D8-0001FF               28
                         000992-000FFF              66E
        EEDATA           F00000-F000FF              100
        IDLOC            200000-200007                8
        MEDIUMCONST      000992-000FFF              66E
        RAM              000080-0001FF               80
        SFR              000F80-000FFF               80
        SMALLCONST       000992-000FFF              100

                                  Symbol Table

?___lmul                      cstackCOMRAM 000022
?i2___lmul                    cstackCOMRAM 000001
ISR@i                         cstackCOMRAM 00001C
ISR@i_729                     cstackCOMRAM 00001E
ISR@i_730                     cstackCOMRAM 000020
_ADCON1bits                   (abs)        000FC1
_Buffer_index                 bssCOMRAM    000047
_INTCON2bits                  (abs)        000FF1
_INTCONbits                   (abs)        000FF2
_ISR                          intcode      000008
_OSCCONbits                   (abs)        000FD3
_OSCTUNEbits                  (abs)        000F9B
_PIE1bits                     (abs)        000F9D
_PIR1bits                     (abs)        000F9E
_PORTB                        (abs)        000F81
_RCONbits                     (abs)        000FD0
_Receiver_buffer              bssCOMRAM    00004C
_SSPADD                       (abs)        000FC8
_SSPBUF                       (abs)        000FC9
_SSPCON1bits                  (abs)        000FC6
_SSPCON2bits                  (abs)        000FC5
_SSPSTATbits                  (abs)        000FC7
_T0CON                        (abs)        000FD5
_T0CONbits                    (abs)        000FD5
_T1CON                        (abs)        000FCD
_T1CONbits                    (abs)        000FCD
_TMR0H                        (abs)        000FD7
_TMR0L                        (abs)        000FD6
_TMR1H                        (abs)        000FCF
_TMR1L                        (abs)        000FCE
_TRISB                        (abs)        000F93
_TRISCbits                    (abs)        000F94
_Time_out                     bssCOMRAM    000046
__HRAM                        (abs)        000000
__H__absolute__               __absolute__ 000000
__Habs1                       abs1         000000
__Hbank0                      bank0        000000
__Hbank1                      bank1        000000
__Hbigbss                     bigbss       000000
__Hbigdata                    bigdata      000000
__Hbigram                     bigram       000000
__Hbigsfr                     bigsfr       000000
__Hbss                        bss          000000
__HbssCOMRAM                  bssCOMRAM    000000
__Hcinit                      cinit        000000
__Hclrtext                    clrtext      000000
__Hcomram                     comram       000000
__Hconfig                     config       30000E
__Hconst                      const        000000
__HcstackCOMRAM               cstackCOMRAM 000000
__Hdata                       data         000000
__Heeprom_data                eeprom_data  000000
__Hfarbss                     farbss       000000
__Hfardata                    fardata      000000
__Hheap                       heap         000000
__Hibigdata                   ibigdata     000000
__Hidata                      idata        000000
__Hidloc                      idloc        000000
__Hifardata                   ifardata     000000
__Hinit                       init         0001D8
__Hintcode                    intcode      0001D4
__Hintcode_body               intcode_body 000000
__Hintcodelo                  intcodelo    0001D4
__Hintentry                   intentry     000000
__Hintret                     intret       000000
__Hintsave_regs               intsave_regs 000000
__Hirdata                     irdata       000000
__Hmediumconst                mediumconst  000000
__HnvFARRAM                   nvFARRAM     000000
__Hnvbit                      nvbit        000000
__Hnvrram                     nvrram       000000
__Hparam                      rparam       000000
__Hpowerup                    powerup      0001D4
__Hram                        ram          000000
__Hramtop                     ramtop       000200
__Hrbit                       rbit         000000
__Hrbss                       rbss         000000
__Hrdata                      rdata        000000
__Hreset_vec                  reset_vec    000004
__Hrparam                     rparam       000000
__Hsfr                        sfr          000000
__Hsmallconst                 smallconst   000214
__Hspace_0                    (abs)        000992
__Hspace_1                    (abs)        000057
__Hspace_2                    (abs)        000000
__Hspace_4                    (abs)        60000E
__Hstack                      stack        000000
__Hstruct                     struct       000000
__Htemp                       temp         000057
__Htext                       text         000000
__Htext0                      text0        000000
__Htext1                      text1        000000
__Htext10                     text10       000000
__Htext11                     text11       000000
__Htext12                     text12       000000
__Htext14                     text14       000000
__Htext15                     text15       000000
__Htext16                     text16       000000
__Htext17                     text17       000000
__Htext18                     text18       000000
__Htext19                     text19       000000
__Htext2                      text2        000000
__Htext3                      text3        000000
__Htext4                      text4        000000
__Htext5                      text5        000000
__Htext6                      text6        000000
__Htext7                      text7        000000
__Htext8                      text8        000000
__Htext9                      text9        000000
__LRAM                        (abs)        000001
__L__absolute__               __absolute__ 000000
__Labs1                       abs1         000000
__Lbank0                      bank0        000000
__Lbank1                      bank1        000000
__Lbigbss                     bigbss       000000
__Lbigdata                    bigdata      000000
__Lbigram                     bigram       000000
__Lbigsfr                     bigsfr       000000
__Lbss                        bss          000000
__LbssCOMRAM                  bssCOMRAM    000000
__Lcinit                      cinit        000000
__Lclrtext                    clrtext      000000
__Lcomram                     comram       000000
__Lconfig                     config       000000
__Lconst                      const        000000
__LcstackCOMRAM               cstackCOMRAM 000000
__Ldata                       data         000000
__Leeprom_data                eeprom_data  000000
__Lfarbss                     farbss       000000
__Lfardata                    fardata      000000
__Lheap                       heap         000000
__Libigdata                   ibigdata     000000
__Lidata                      idata        000000
__Lidloc                      idloc        000000
__Lifardata                   ifardata     000000
__Linit                       init         0001D4
__Lintcode                    intcode      000008
__Lintcode_body               intcode_body 000000
__Lintcodelo                  intcodelo    0001D4
__Lintentry                   intentry     000000
__Lintret                     intret       000000
__Lintsave_regs               intsave_regs 000000
__Lirdata                     irdata       000000
__Lmediumconst                mediumconst  000000
__LnvFARRAM                   nvFARRAM     000000
__Lnvbit                      nvbit        000000
__Lnvrram                     nvrram       000000
__Lparam                      rparam       000000
__Lpowerup                    powerup      0001D4
__Lram                        ram          000000
__Lramtop                     ramtop       000200
__Lrbit                       rbit         000000
__Lrbss                       rbss         000000
__Lrdata                      rdata        000000
__Lreset_vec                  reset_vec    000000
__Lrparam                     rparam       000000
__Lsfr                        sfr          000000
__Lsmallconst                 smallconst   000200
__Lspace_0                    (abs)        000000
__Lspace_1                    (abs)        000000
__Lspace_2                    (abs)        000000
__Lspace_4                    (abs)        000000
__Lstack                      stack        000000
__Lstruct                     struct       000000
__Ltemp                       temp         000056
__Ltext                       text         000000
__Ltext0                      text0        000000
__Ltext1                      text1        000000
__Ltext10                     text10       000000
__Ltext11                     text11       000000
__Ltext12                     text12       000000
__Ltext14                     text14       000000
__Ltext15                     text15       000000
__Ltext16                     text16       000000
__Ltext17                     text17       000000
__Ltext18                     text18       000000
__Ltext19                     text19       000000
__Ltext2                      text2        000000
__Ltext3                      text3        000000
__Ltext4                      text4        000000
__Ltext5                      text5        000000
__Ltext6                      text6        000000
__Ltext7                      text7        000000
__Ltext8                      text8        000000
__Ltext9                      text9        000000
__S0                          (abs)        000992
__S1                          (abs)        000057
__S4                          (abs)        000000
__S5                          (abs)        000000
___heap_hi                    (abs)        000000
___heap_lo                    (abs)        000000
___inthi_sp                   stack        000000
___inthi_stack_hi             stack        000000
___inthi_stack_lo             stack        000000
___intlo_sp                   stack        000000
___intlo_stack_hi             stack        000000
___intlo_stack_lo             stack        000000
___lmul                       text12       0005DC
___lmul@multiplicand          cstackCOMRAM 000026
___lmul@multiplier            cstackCOMRAM 000022
___lmul@product               cstackCOMRAM 00002A
___param_bank                 (abs)        000000
___rparam_used                (abs)        000001
___sp                         stack        000000
___stack_hi                   stack        000000
___stack_lo                   stack        000000
__accesstop                   (abs)        000080
__activetblptr                (abs)        000002
__end_of_ISR                  intcode      0001D4
__end_of___lmul               text12       000646
__end_of__initialization      cinit        00095C
__end_of_delay                text11       000300
__end_of_i2c_data_tx          text10       00092A
__end_of_i2c_start_and_addr   text9        0008CC
__end_of_i2c_stop             text8        00097E
__end_of_lcd_char             text6        000894
__end_of_lcd_clear            text7        000778
__end_of_lcd_command          text4        000568
__end_of_lcd_init             text2        0005DC
__end_of_lcd_message          text5        000718
__end_of_lcd_move_cursor      text3        000858
__end_of_main                 text0        0004CA
__end_of_system_init          text1        000818
__end_ofi2___lmul             text19       0006B0
__end_ofi2_delay              text18       0003EC
__end_ofi2_i2c_data_tx        text17       000950
__end_ofi2_i2c_start_and_addr text16       000904
__end_ofi2_i2c_stop           text15       000992
__end_ofi2_lcd_clear          text14       0007D8
__initialization              cinit        000950
__mediumconst                 mediumconst  000000
__pbssCOMRAM                  bssCOMRAM    000046
__pcinit                      cinit        000950
__pcstackCOMRAM               cstackCOMRAM 000001
__pintcode                    intcode      000008
__psmallconst                 smallconst   000200
__ptext0                      text0        0003EC
__ptext1                      text1        0007D8
__ptext10                     text10       000904
__ptext11                     text11       000214
__ptext12                     text12       0005DC
__ptext14                     text14       000778
__ptext15                     text15       00097E
__ptext16                     text16       0008CC
__ptext17                     text17       00092A
__ptext18                     text18       000300
__ptext19                     text19       000646
__ptext2                      text2        000568
__ptext3                      text3        000818
__ptext4                      text4        0004CA
__ptext5                      text5        0006B0
__ptext6                      text6        000858
__ptext7                      text7        000718
__ptext8                      text8        00096A
__ptext9                      text9        000894
__ramtop                      ramtop       000200
__smallconst                  smallconst   000200
_character_match_cnt          bssCOMRAM    000048
_current_character            bssCOMRAM    00004B
_delay                        text11       000214
_i2c_data_tx                  text10       000904
_i2c_start_and_addr           text9        000894
_i2c_stop                     text8        00096A
_lcd_char                     text6        000858
_lcd_clear                    text7        000718
_lcd_command                  text4        0004CA
_lcd_init                     text2        000568
_lcd_message                  text5        0006B0
_lcd_move_cursor              text3        000818
_main                         text0        0003EC
_new_input                    bssCOMRAM    000049
_previous_character           bssCOMRAM    00004A
_system_init                  text1        0007D8
btemp                         temp         000056
delay@milliseconds            cstackCOMRAM 00002E
delay@timer_value             cstackCOMRAM 000032
end_of_initialization         cinit        00095C
i2___lmul                     text19       000646
i2___lmul@multiplicand        cstackCOMRAM 000005
i2___lmul@multiplier          cstackCOMRAM 000001
i2___lmul@product             cstackCOMRAM 000009
i2_delay                      text18       000300
i2_i2c_data_tx                text17       00092A
i2_i2c_start_and_addr         text16       0008CC
i2_i2c_stop                   text15       00097E
i2_lcd_clear                  text14       000778
i2c_data_tx@data              cstackCOMRAM 000022
i2c_start_and_addr@address    cstackCOMRAM 000022
i2delay@milliseconds          cstackCOMRAM 00000D
i2delay@timer_value           cstackCOMRAM 000011
i2i2c_data_tx@data            cstackCOMRAM 000001
i2i2c_start_and_addr@address  cstackCOMRAM 000001
int$flags                     temp         000056
intlevel0                     text         000000
intlevel1                     text         000000
intlevel2                     text         000000
intlevel3                     text         000000
isa$std                       (abs)        000001
isa$xinst                     (abs)        000000
lcd_char@letter               cstackCOMRAM 000024
lcd_command@data              cstackCOMRAM 000040
lcd_command@lt                cstackCOMRAM 00003A
lcd_command@rs                cstackCOMRAM 00003C
lcd_command@rw                cstackCOMRAM 00003B
lcd_message@message           cstackCOMRAM 000025
lcd_move_cursor@line          cstackCOMRAM 000042
lcd_move_cursor@position      cstackCOMRAM 000041
main@i                        cstackCOMRAM 000044
stackhi                       (abs)        000000
stacklo                       (abs)        000000
start                         init         0001D4
start_initialization          cinit        000950
ttemp5                        temp         000057
ttemp6                        temp         00005A
ttemp7                        temp         00005E
wtemp8                        temp         000057


MODULE INFORMATION

Module		Function		Class		Link	Load	Size
shared
		i2_i2c_data_tx 		CODE           	092A	0000	38
		i2_i2c_stop    		CODE           	097E	0000	20
		__initialization		CODE           	0950	0000	12
		i2___lmul      		CODE           	0646	0000	106
		i2_i2c_start_and_addr		CODE           	08CC	0000	56
		i2_delay       		CODE           	0300	0000	236
		i2_lcd_clear   		CODE           	0778	0000	96

shared estimated size: 564

main.c
		_lcd_command   		CODE           	04CA	0000	158
		_system_init   		CODE           	07D8	0000	64
		_i2c_data_tx   		CODE           	0904	0000	38
		_delay         		CODE           	0214	0000	236
		_ISR           		CODE           	0008	0000	460
		_main          		CODE           	03EC	0000	222
		_lcd_char      		CODE           	0858	0000	60
		_lcd_message   		CODE           	06B0	0000	104
		_lcd_clear     		CODE           	0718	0000	96
		_lcd_move_cursor		CODE           	0818	0000	64
		_i2c_start_and_addr		CODE           	0894	0000	56
		_i2c_stop      		CODE           	096A	0000	20
		_lcd_init      		CODE           	0568	0000	116

main.c estimated size: 1694

F:\Program Files\MicroChip\XC8\v2.45\pic\sources\c99\common\Umul32.c
		___lmul        		CODE           	05DC	0000	106

F:\Program Files\MicroChip\XC8\v2.45\pic\sources\c99\common\Umul32.c estimated size: 106

