Microchip MPLAB XC8 Compiler V2.41

Linker command line:

-W-3 --edf=C:\Microchip\xc8\v2.41\pic\dat\20230208172133_en.msgs -cn \
  -h+dist/default/production\Receiver__1_.production.sym \
  --cmf=dist/default/production\Receiver__1_.production.cmf -z -Q18F2221 \
  -oC:\Users\cm2723\AppData\Local\Temp\xcAska0.\driver_tmp_3.o \
  --defsym=__MPLAB_BUILD=1 --fixupoverflow=error \
  -Mdist/default/production/Receiver__1_.production.map \
  --md=C:\Users\cm2723\AppData\Local\Temp\xcAska0.\driver_tmp_0.dat -E1 \
  -ver=XC8 Compiler --acfsm=1493 -ACODE=00h-0FFFh -ACONST=00h-0FFFh \
  -ASMALLCONST=0200h-02FFhx14 -AMEDIUMCONST=0200h-0FFFh -ACOMRAM=01h-07Fh \
  -AABS1=00h-01FFh -ABIGRAM=01h-01FFh -ARAM=080h-0FFh,0100h-01FFh \
  -ABANK0=080h-0FFh -ABANK1=0100h-01FFh -ASFR=0F80h-0FFFh \
  -ABIGSFR=0F80h-0FFFh -ACONFIG=0300000h-030000Dh -AIDLOC=0200000h-0200007h \
  -AEEDATA=0F00000h-0F000FFh -peeprom_data=EEDATA \
  -preset_vec=00h,intcode=08h,intcodelo,powerup,init -pramtop=0200h \
  -psmallconst=SMALLCONST -pmediumconst=MEDIUMCONST -pconst=CONST \
  -AFARRAM=00h-00h \
  -prdata=COMRAM,nvrram=COMRAM,nvbit=COMRAM,rbss=COMRAM,rbit=COMRAM \
  -pfarbss=FARRAM,fardata=FARRAM,nvFARRAM=FARRAM \
  -pintsave_regs=BIGRAM,bigbss=BIGRAM,bigdata=BIGRAM -pbss=RAM \
  -pidata=CODE,irdata=CODE,ibigdata=CODE,ifardata=CODE -prparam=COMRAM \
  C:\Users\cm2723\AppData\Local\Temp\xcAska0.\driver_tmp_9.o \
  dist/default/production\Receiver__1_.production.o 

Object code version is 3.11

Machine type is 18F2221



                Name                               Link     Load   Length Selector   Space Scale
C:\Users\cm2723\AppData\Local\Temp\xcAska0.\driver_tmp_9.o
                config                           300000   300000        E        0       4
                init                                 E2       E2        4        4       0
                reset_vec                             0        0        4        0       0
dist/default/production\Receiver__1_.production.o
                intcode                               8        8       DA        4       0
                config                           300000   300000        E        0       4
                temp                                 50       50        1        1       1
                smallconst                          200      200       14      100       0
                text19                              64A      64A       6A      10A       0
                text18                              300      300       EC      10A       0
                text17                              92E      92E       26      10A       0
                text16                              8D0      8D0       38      10A       0
                text15                              982      982       14      10A       0
                text14                              77C      77C       60      10A       0
                text12                              5E0      5E0       6A      10A       0
                text11                              214      214       EC      10A       0
                text10                              908      908       26      10A       0
                text9                               898      898       38      10A       0
                text8                               96E      96E       14      10A       0
                text7                               71C      71C       60      10A       0
                text6                               85C      85C       3C      10A       0
                text5                               6B4      6B4       68      10A       0
                text4                               4D6      4D6       9E      10A       0
                text3                               81C      81C       40      10A       0
                text2                               574      574       6C      10A       0
                text1                               7DC      7DC       40      10A       0
                text0                               3EC      3EC       EA      10A       0
                cstackCOMRAM                          1        1       3F        1       1
                bssCOMRAM                            40       40       10        1       1
                cinit                               954      954       1A      10A       0

TOTAL           Name                               Link     Load   Length     Space
        CLASS   CODE           
                intcode                               8        8       DA         0
                init                                 E2       E2        4         0
                reset_vec                             0        0        4         0
                text19                              64A      64A       6A         0
                text18                              300      300       EC         0
                text17                              92E      92E       26         0
                text16                              8D0      8D0       38         0
                text15                              982      982       14         0
                text14                              77C      77C       60         0
                text12                              5E0      5E0       6A         0
                text11                              214      214       EC         0
                text10                              908      908       26         0
                text9                               898      898       38         0
                text8                               96E      96E       14         0
                text7                               71C      71C       60         0
                text6                               85C      85C       3C         0
                text5                               6B4      6B4       68         0
                text4                               4D6      4D6       9E         0
                text3                               81C      81C       40         0
                text2                               574      574       6C         0
                text1                               7DC      7DC       40         0
                text0                               3EC      3EC       EA         0
                cinit                               954      954       1A         0

        CLASS   CONST          

        CLASS   SMALLCONST     
                smallconst                          200      200       14         0

        CLASS   MEDIUMCONST    

        CLASS   COMRAM         
                temp                                 50       50        1         1
                cstackCOMRAM                          1        1       3F         1
                bssCOMRAM                            40       40       10         1

        CLASS   ABS1           

        CLASS   BIGRAM         

        CLASS   RAM            

        CLASS   BANK0          

        CLASS   BANK1          

        CLASS   SFR            

        CLASS   BIGSFR         

        CLASS   CONFIG         
                config                           300000   300000        E         4

        CLASS   IDLOC          

        CLASS   EEDATA         

        CLASS   FARRAM         

        CLASS   HEAP           

        CLASS   STACK          



SEGMENTS        Name                           Load    Length   Top    Selector   Space  Class

                reset_vec                      000000  000004  000004         0       0  CODE    
                cstackCOMRAM                   000001  000050  000051         1       1  COMRAM  
                intcode                        000008  0000DE  0000E6         4       0  CODE    
                smallconst                     000200  000014  000214       100       0  SMALLCON
                text11                         000214  000782  000996       10A       0  CODE    


UNUSED ADDRESS RANGES

        Name                Unused          Largest block    Delta
        BANK0            000080-0000FF               80
        BANK1            000100-0001FF              100
        BIGRAM           000051-0001FF              1AF
        BIGSFR           000F80-000FFF               80
        CODE             000004-000007                4
                         0000E6-0001FF              11A
                         000996-000FFF              66A
        COMRAM           000051-00007F               2F
        CONST            000004-000007                4
                         0000E6-0001FF              11A
                         000996-000FFF              66A
        EEDATA           F00000-F000FF              100
        IDLOC            200000-200007                8
        MEDIUMCONST      000996-000FFF              66A
        RAM              000080-0001FF               80
        SFR              000F80-000FFF               80
        SMALLCONST       000996-000FFF              100

                                  Symbol Table

?___lmul                      cstackCOMRAM 00001C
?i2___lmul                    cstackCOMRAM 000001
_ADCON1bits                   (abs)        000FC1
_Buffer_index                 bssCOMRAM    000041
_INTCON2bits                  (abs)        000FF1
_INTCONbits                   (abs)        000FF2
_ISR                          intcode      000008
_OSCCONbits                   (abs)        000FD3
_OSCTUNEbits                  (abs)        000F9B
_PIE1bits                     (abs)        000F9D
_PIR1bits                     (abs)        000F9E
_PORTB                        (abs)        000F81
_RCONbits                     (abs)        000FD0
_Receiver_buffer              bssCOMRAM    000046
_SSPADD                       (abs)        000FC8
_SSPBUF                       (abs)        000FC9
_SSPCON1bits                  (abs)        000FC6
_SSPCON2bits                  (abs)        000FC5
_SSPSTATbits                  (abs)        000FC7
_T0CON                        (abs)        000FD5
_T0CONbits                    (abs)        000FD5
_T1CON                        (abs)        000FCD
_T1CONbits                    (abs)        000FCD
_TMR0H                        (abs)        000FD7
_TMR0L                        (abs)        000FD6
_TMR1H                        (abs)        000FCF
_TMR1L                        (abs)        000FCE
_TRISB                        (abs)        000F93
_TRISCbits                    (abs)        000F94
_Time_out                     bssCOMRAM    000040
__HRAM                        (abs)        000000
__H__absolute__               __absolute__ 000000
__Habs1                       abs1         000000
__Hbank0                      bank0        000000
__Hbank1                      bank1        000000
__Hbigbss                     bigbss       000000
__Hbigdata                    bigdata      000000
__Hbigram                     bigram       000000
__Hbigsfr                     bigsfr       000000
__Hbss                        bss          000000
__HbssCOMRAM                  bssCOMRAM    000000
__Hcinit                      cinit        000000
__Hclrtext                    clrtext      000000
__Hcomram                     comram       000000
__Hconfig                     config       30000E
__Hconst                      const        000000
__HcstackCOMRAM               cstackCOMRAM 000000
__Hdata                       data         000000
__Heeprom_data                eeprom_data  000000
__Hfarbss                     farbss       000000
__Hfardata                    fardata      000000
__Hheap                       heap         000000
__Hibigdata                   ibigdata     000000
__Hidata                      idata        000000
__Hidloc                      idloc        000000
__Hifardata                   ifardata     000000
__Hinit                       init         0000E6
__Hintcode                    intcode      0000E2
__Hintcode_body               intcode_body 000000
__Hintcodelo                  intcodelo    0000E2
__Hintentry                   intentry     000000
__Hintret                     intret       000000
__Hintsave_regs               intsave_regs 000000
__Hirdata                     irdata       000000
__Hmediumconst                mediumconst  000000
__HnvFARRAM                   nvFARRAM     000000
__Hnvbit                      nvbit        000000
__Hnvrram                     nvrram       000000
__Hparam                      rparam       000000
__Hpowerup                    powerup      0000E2
__Hram                        ram          000000
__Hramtop                     ramtop       000200
__Hrbit                       rbit         000000
__Hrbss                       rbss         000000
__Hrdata                      rdata        000000
__Hreset_vec                  reset_vec    000004
__Hrparam                     rparam       000000
__Hsfr                        sfr          000000
__Hsmallconst                 smallconst   000214
__Hspace_0                    (abs)        000996
__Hspace_1                    (abs)        000051
__Hspace_2                    (abs)        000000
__Hspace_4                    (abs)        60000E
__Hstack                      stack        000000
__Hstruct                     struct       000000
__Htemp                       temp         000051
__Htext                       text         000000
__Htext0                      text0        000000
__Htext1                      text1        000000
__Htext10                     text10       000000
__Htext11                     text11       000000
__Htext12                     text12       000000
__Htext14                     text14       000000
__Htext15                     text15       000000
__Htext16                     text16       000000
__Htext17                     text17       000000
__Htext18                     text18       000000
__Htext19                     text19       000000
__Htext2                      text2        000000
__Htext3                      text3        000000
__Htext4                      text4        000000
__Htext5                      text5        000000
__Htext6                      text6        000000
__Htext7                      text7        000000
__Htext8                      text8        000000
__Htext9                      text9        000000
__LRAM                        (abs)        000001
__L__absolute__               __absolute__ 000000
__Labs1                       abs1         000000
__Lbank0                      bank0        000000
__Lbank1                      bank1        000000
__Lbigbss                     bigbss       000000
__Lbigdata                    bigdata      000000
__Lbigram                     bigram       000000
__Lbigsfr                     bigsfr       000000
__Lbss                        bss          000000
__LbssCOMRAM                  bssCOMRAM    000000
__Lcinit                      cinit        000000
__Lclrtext                    clrtext      000000
__Lcomram                     comram       000000
__Lconfig                     config       000000
__Lconst                      const        000000
__LcstackCOMRAM               cstackCOMRAM 000000
__Ldata                       data         000000
__Leeprom_data                eeprom_data  000000
__Lfarbss                     farbss       000000
__Lfardata                    fardata      000000
__Lheap                       heap         000000
__Libigdata                   ibigdata     000000
__Lidata                      idata        000000
__Lidloc                      idloc        000000
__Lifardata                   ifardata     000000
__Linit                       init         0000E2
__Lintcode                    intcode      000008
__Lintcode_body               intcode_body 000000
__Lintcodelo                  intcodelo    0000E2
__Lintentry                   intentry     000000
__Lintret                     intret       000000
__Lintsave_regs               intsave_regs 000000
__Lirdata                     irdata       000000
__Lmediumconst                mediumconst  000000
__LnvFARRAM                   nvFARRAM     000000
__Lnvbit                      nvbit        000000
__Lnvrram                     nvrram       000000
__Lparam                      rparam       000000
__Lpowerup                    powerup      0000E2
__Lram                        ram          000000
__Lramtop                     ramtop       000200
__Lrbit                       rbit         000000
__Lrbss                       rbss         000000
__Lrdata                      rdata        000000
__Lreset_vec                  reset_vec    000000
__Lrparam                     rparam       000000
__Lsfr                        sfr          000000
__Lsmallconst                 smallconst   000200
__Lspace_0                    (abs)        000000
__Lspace_1                    (abs)        000000
__Lspace_2                    (abs)        000000
__Lspace_4                    (abs)        000000
__Lstack                      stack        000000
__Lstruct                     struct       000000
__Ltemp                       temp         000050
__Ltext                       text         000000
__Ltext0                      text0        000000
__Ltext1                      text1        000000
__Ltext10                     text10       000000
__Ltext11                     text11       000000
__Ltext12                     text12       000000
__Ltext14                     text14       000000
__Ltext15                     text15       000000
__Ltext16                     text16       000000
__Ltext17                     text17       000000
__Ltext18                     text18       000000
__Ltext19                     text19       000000
__Ltext2                      text2        000000
__Ltext3                      text3        000000
__Ltext4                      text4        000000
__Ltext5                      text5        000000
__Ltext6                      text6        000000
__Ltext7                      text7        000000
__Ltext8                      text8        000000
__Ltext9                      text9        000000
__S0                          (abs)        000996
__S1                          (abs)        000051
__S4                          (abs)        000000
__S5                          (abs)        000000
___heap_hi                    (abs)        000000
___heap_lo                    (abs)        000000
___inthi_sp                   stack        000000
___intlo_sp                   stack        000000
___lmul                       text12       0005E0
___lmul@multiplicand          cstackCOMRAM 000020
___lmul@multiplier            cstackCOMRAM 00001C
___lmul@product               cstackCOMRAM 000024
___param_bank                 (abs)        000000
___rparam_used                (abs)        000001
___sp                         stack        000000
__accesstop                   (abs)        000080
__activetblptr                (abs)        000002
__end_of_ISR                  intcode      0000E2
__end_of___lmul               text12       00064A
__end_of__initialization      cinit        000960
__end_of_delay                text11       000300
__end_of_i2c_data_tx          text10       00092E
__end_of_i2c_start_and_addr   text9        0008D0
__end_of_i2c_stop             text8        000982
__end_of_lcd_char             text6        000898
__end_of_lcd_clear            text7        00077C
__end_of_lcd_command          text4        000574
__end_of_lcd_init             text2        0005E0
__end_of_lcd_message          text5        00071C
__end_of_lcd_move_cursor      text3        00085C
__end_of_main                 text0        0004D6
__end_of_system_init          text1        00081C
__end_ofi2___lmul             text19       0006B4
__end_ofi2_delay              text18       0003EC
__end_ofi2_i2c_data_tx        text17       000954
__end_ofi2_i2c_start_and_addr text16       000908
__end_ofi2_i2c_stop           text15       000996
__end_ofi2_lcd_clear          text14       0007DC
__initialization              cinit        000954
__mediumconst                 mediumconst  000000
__pbssCOMRAM                  bssCOMRAM    000040
__pcinit                      cinit        000954
__pcstackCOMRAM               cstackCOMRAM 000001
__pintcode                    intcode      000008
__psmallconst                 smallconst   000200
__ptext0                      text0        0003EC
__ptext1                      text1        0007DC
__ptext10                     text10       000908
__ptext11                     text11       000214
__ptext12                     text12       0005E0
__ptext14                     text14       00077C
__ptext15                     text15       000982
__ptext16                     text16       0008D0
__ptext17                     text17       00092E
__ptext18                     text18       000300
__ptext19                     text19       00064A
__ptext2                      text2        000574
__ptext3                      text3        00081C
__ptext4                      text4        0004D6
__ptext5                      text5        0006B4
__ptext6                      text6        00085C
__ptext7                      text7        00071C
__ptext8                      text8        00096E
__ptext9                      text9        000898
__ramtop                      ramtop       000200
__smallconst                  smallconst   000200
_character_match_cnt          bssCOMRAM    000042
_current_character            bssCOMRAM    000045
_delay                        text11       000214
_i2c_data_tx                  text10       000908
_i2c_start_and_addr           text9        000898
_i2c_stop                     text8        00096E
_lcd_char                     text6        00085C
_lcd_clear                    text7        00071C
_lcd_command                  text4        0004D6
_lcd_init                     text2        000574
_lcd_message                  text5        0006B4
_lcd_move_cursor              text3        00081C
_main                         text0        0003EC
_new_input                    bssCOMRAM    000043
_previous_character           bssCOMRAM    000044
_system_init                  text1        0007DC
btemp                         temp         000050
delay@milliseconds            cstackCOMRAM 000028
delay@timer_value             cstackCOMRAM 00002C
end_of_initialization         cinit        000960
i2___lmul                     text19       00064A
i2___lmul@multiplicand        cstackCOMRAM 000005
i2___lmul@multiplier          cstackCOMRAM 000001
i2___lmul@product             cstackCOMRAM 000009
i2_delay                      text18       000300
i2_i2c_data_tx                text17       00092E
i2_i2c_start_and_addr         text16       0008D0
i2_i2c_stop                   text15       000982
i2_lcd_clear                  text14       00077C
i2c_data_tx@data              cstackCOMRAM 00001C
i2c_start_and_addr@address    cstackCOMRAM 00001C
i2delay@milliseconds          cstackCOMRAM 00000D
i2delay@timer_value           cstackCOMRAM 000011
i2i2c_data_tx@data            cstackCOMRAM 000001
i2i2c_start_and_addr@address  cstackCOMRAM 000001
int$flags                     temp         000050
intlevel0                     text         000000
intlevel1                     text         000000
intlevel2                     text         000000
intlevel3                     text         000000
isa$std                       (abs)        000001
isa$xinst                     (abs)        000000
lcd_char@letter               cstackCOMRAM 00001E
lcd_command@data              cstackCOMRAM 00003A
lcd_command@lt                cstackCOMRAM 000034
lcd_command@rs                cstackCOMRAM 000036
lcd_command@rw                cstackCOMRAM 000035
lcd_message@message           cstackCOMRAM 00001F
lcd_move_cursor@line          cstackCOMRAM 00003C
lcd_move_cursor@position      cstackCOMRAM 00003B
main@i                        cstackCOMRAM 00003E
stackhi                       (abs)        000000
stacklo                       (abs)        000000
start                         init         0000E2
start_initialization          cinit        000954
ttemp5                        temp         000051
ttemp6                        temp         000054
ttemp7                        temp         000058
wtemp8                        temp         000051


MODULE INFORMATION

Module		Function		Class		Link	Load	Size
C:\Microchip\xc8\v2.41\pic\sources\c99\common\Umul32.c
		___lmul        		CODE           	05E0	0000	106

C:\Microchip\xc8\v2.41\pic\sources\c99\common\Umul32.c estimated size: 106

shared
		i2_i2c_data_tx 		CODE           	092E	0000	38
		i2_i2c_stop    		CODE           	0982	0000	20
		__initialization		CODE           	0954	0000	12
		i2___lmul      		CODE           	064A	0000	106
		i2_i2c_start_and_addr		CODE           	08D0	0000	56
		i2_delay       		CODE           	0300	0000	236
		i2_lcd_clear   		CODE           	077C	0000	96

shared estimated size: 564

main.c
		_lcd_command   		CODE           	04D6	0000	158
		_system_init   		CODE           	07DC	0000	64
		_i2c_data_tx   		CODE           	0908	0000	38
		_delay         		CODE           	0214	0000	236
		_ISR           		CODE           	0008	0000	218
		_main          		CODE           	03EC	0000	234
		_lcd_char      		CODE           	085C	0000	60
		_lcd_message   		CODE           	06B4	0000	104
		_lcd_clear     		CODE           	071C	0000	96
		_lcd_move_cursor		CODE           	081C	0000	64
		_i2c_start_and_addr		CODE           	0898	0000	56
		_i2c_stop      		CODE           	096E	0000	20
		_lcd_init      		CODE           	0574	0000	108

main.c estimated size: 1456

